// Jest Snapshot v1, https://goo.gl/fbAQLP

exports[`reformatting examples 1`] = `
"<div className=\\"w2 h1 pv2 red bg-transparent\\" />;
"
`;

exports[`reformatting examples 2`] = `
"<div className=\\"ph2 pv2 unknown\\" />;
"
`;
